[  654.886404] binder: undelivered TRANSACTION_COMPLETE
[  654.891252] binder: undelivered transaction 428412, process died.
[  654.898683] binder: undelivered transaction 428414, process died.
[  657.582194] binder: 770:770 cannot find target node
[  657.584953] binder: 770:770 transaction async to 0:0 failed 429775/29189/-22, size 104-0 line 3210

Boot info:
Last boot reason: reboot

========================================
2026-09-03 12:22:49 SYSTEM_AUDIT (text, 2445 bytes)
isPrevious: true
Build: google/sdk_gphone64_x86_64/emu64xa:14/UE1A.230829.050/12077443:userdebug/dev-keys
Hardware: goldfish_x86_64
Revision: 0
Bootloader: unknown
Radio: 1.0.0.0
Kernel: Linux version 6.1.23-android14-4-00257-g7e35917775b8-ab9964412 (build-user@build-host) (Android (9796371, based on r487747) clang version 17.0.0 (https://android.googlesource.com/toolchain/llvm-project d9f89f4d16663d5012e5c09495f3b30ece3d2362), LLD 17.0.0) #1 SMP PREEMPT Mon Apr 17 20:50:58 UTC 2023

[  339.796973] type=1400 audit(1788309226.788:33): avc:  denied  { read } for  comm="binder:4119_6" name="u:object_r:adbd_prop:s0" dev="tmpfs" ino=60 scontext=u:r:gmscore_app:s0:c512,c768 tcontext=u:object_r:adbd_prop:s0 tclass=file permissive=0 app=com.google.android.gms
[  413.772622] type=1400 audit(1788309300.792:34): avc:  denied  { read } for  comm="binder:4119_7" name="u:object_r:system_adbd_prop:s0" dev="tmpfs" ino=292 scontext=u:r:gmscore_app:s0:c512,c768 tcontext=u:object_r:system_adbd_prop:s0 tclass=file permissive=0 app=com.google.android.gms
[  413.780356] type=1400 audit(1788309300.796:35): avc:  denied  { read } for  comm="binder:4119_7" name="u:object_r:adbd_prop:s0" dev="tmpfs" ino=60 scontext=u:r:gmscore_app:s0:c512,c768 tcontext=u:object_r:adbd_prop:s0 tclass=file permissive=0 app=com.google.android.gms
[  517.676592] type=1400 audit(1788309404.696:36): avc:  denied  { read } for  comm="binder:4119_7" name="u:object_r:system_adbd_prop:s0" dev="tmpfs" ino=292 scontext=u:r:gmscore_app:s0:c512,c768 tcontext=u:object_r:system_adbd_prop:s0 tclass=file permissive=0 app=com.google.android.gms
[  517.686891] type=1400 audit(1788309404.696:37): avc:  denied  { read } for  comm="binder:4119_7" name="u:object_r:adbd_prop:s0" dev="tmpfs" ino=60 scontext=u:r:gmscore_app:s0:c512,c768 tcontext=u:object_r:adbd_prop:s0 tclass=file permissive=0 app=com.google.android.gms
[  570.092603] type=1400 audit(1788309457.112:38): avc:  denied  { read } for  comm="binder:4119_6" name="u:object_r:system_adbd_prop:s0" dev="tmpfs" ino=292 scontext=u:r:gmscore_app:s0:c512,c768 tcontext=u:object_r:system_adbd_prop:s0 tclass=file permissive=0 app=com.google.android.gms
[  570.099273] type=1400 audit(1788309457.112:39): avc:  denied  { read } for  comm="binder:4119_6" name="u:object_r:adbd_prop:s0" dev="tmpfs" ino=60 scontext=u:r:gmscore_app:s0:c512,c768 tcontext=u:object_r:adbd_prop:s0 tclass=file permissive=0 app=com.google.android.gms

========================================
2026-09-03 12:22:52 system_server_strictmode (text, 2933 bytes)
Process: unknown
Build: google/sdk_gphone64_x86_64/emu64xa:14/UE1A.230829.050/12077443:userdebug/dev-keys
System-App: true
Uptime-Millis: 54161

android.os.strictmode.LeakedClosableViolation: A resource was acquired at attached stack trace but never released. See java.io.Closeable for information on avoiding resource leaks.
	at android.os.StrictMode$AndroidCloseGuardReporter.report(StrictMode.java:1994)
	at dalvik.system.CloseGuard.warnIfOpen(CloseGuard.java:336)
	at android.os.ParcelFileDescriptor.finalize(ParcelFileDescriptor.java:1078)
	at java.lang.Daemons$FinalizerDaemon.doFinalize(Daemons.java:339)
	at java.lang.Daemons$FinalizerDaemon.processReference(Daemons.java:324)
	at java.lang.Daemons$FinalizerDaemon.runInternal(Daemons.java:300)
	at java.lang.Daemons$Daemon.run(Daemons.java:145)
	at java.lang.Thread.run(Thread.java:1012)
Caused by: java.lang.Throwable: Explicit termination method 'close' not called
	at dalvik.system.CloseGuard.openWithCallSite(CloseGuard.java:288)
	at dalvik.system.CloseGuard.open(CloseGuard.java:257)
	at android.os.ParcelFileDescriptor.<init>(ParcelFileDescriptor.java:207)
	at android.os.ParcelFileDescriptor.<init>(ParcelFileDescriptor.java:190)
	at android.os.ParcelFileDescriptor.createSocketPair(ParcelFileDescriptor.java:551)
	at android.os.FileBridge.<init>(FileBridge.java:71)
	at com.android.server.pm.PackageInstallerSession.doWriteInternal(PackageInstallerSession.java:1715)
	at com.android.server.pm.PackageInstallerSession.write(PackageInstallerSession.java:1646)
	at android.content.pm.PackageInstaller$Session.write(PackageInstaller.java:1393)
	at com.android.server.pm.PackageManagerShellCommand.doWriteSplit(PackageManagerShellCommand.java:3886)
	at com.android.server.pm.PackageManagerShellCommand.doWriteSplits(PackageManagerShellCommand.java:3848)
	at com.android.server.pm.PackageManagerShellCommand.doRunInstall(PackageManagerShellCommand.java:1571)
	at com.android.server.pm.PackageManagerShellCommand.runInstall(PackageManagerShellCommand.java:1523)
	at com.android.server.pm.PackageManagerShellCommand.onCommand(PackageManagerShellCommand.java:236)
	at com.android.modules.utils.BasicShellCommandHandler.exec(BasicShellCommandHandler.java:97)
	at android.os.ShellCommand.exec(ShellCommand.java:38)
	at com.android.server.pm.PackageManagerService$IPackageManagerImpl.onShellCommand(PackageManagerService.java:6350)
	at android.os.Binder.shellCommand(Binder.java:1068)
	at android.os.Binder.onTransact(Binder.java:888)
	at android.content.pm.IPackageManager$Stub.onTransact(IPackageManager.java:4352)
	at com.android.server.pm.PackageManagerService$IPackageManagerImpl.onTransact(PackageManagerService.java:6334)
	at android.os.Binder.execTransactInternal(Binder.java:1344)
	at android.os.Binder.execTransact(Binder.java:1275)

A resource was acquired at attached stack trace but never released. See java.io.Closeable for information on avoiding resource leaks.

========================================
2026-09-03 12:22:56 system_server_strictmode (text, 1070 bytes)
Process: unknown
Build: google/sdk_gphone64_x86_64/emu64xa:14/UE1A.230829.050/12077443:userdebug/dev-keys
System-App: true
Uptime-Millis: 63846

android.os.strictmode.LeakedClosableViolation: A resource was acquired at attached stack trace but never released. See java.io.Closeable for information on avoiding resource leaks. Callsite: TaskOrganizerController.onTaskAppeared
	at android.os.StrictMode$AndroidCloseGuardReporter.report(StrictMode.java:1999)
	at dalvik.system.CloseGuard.warnIfOpen(CloseGuard.java:338)
	at android.view.SurfaceControl.finalize(SurfaceControl.java:1466)
	at java.lang.Daemons$FinalizerDaemon.doFinalize(Daemons.java:339)
	at java.lang.Daemons$FinalizerDaemon.processReference(Daemons.java:324)
	at java.lang.Daemons$FinalizerDaemon.runInternal(Daemons.java:300)
	at java.lang.Daemons$Daemon.run(Daemons.java:145)
	at java.lang.Thread.run(Thread.java:1012)

A resource was acquired at attached stack trace but never released. See java.io.Closeable for information on avoiding resource leaks. Callsite: TaskOrganizerController.onTaskAppeared

========================================
2026-09-03 12:23:08 event_log (text, 34 bytes)
1788438188717,0,0,event_log_start

========================================
2026-09-03 12:23:08 event_data (text, 63 bytes)
start=1788412326375
end=1788438188717
log_start=1788438188717


u0_a192       2127   359   14045508 156240 0                   0 S com.example.bpm_player
